src/components/logistica/FieldView.tsx(34,70): error TS2339: Property 'destino' does not exist on type 'Camion'.
src/components/logistica/FieldView.tsx(92,81): error TS2339: Property 'destino' does not exist on type 'Camion'.
src/components/logistica/OrphanedPanel.tsx(78,63): error TS2345: Argument of type 'string | undefined' is not assignable to parameter of type 'string'.
  Type 'undefined' is not assignable to type 'string'.
src/components/logistica/ResumeCourseModal.tsx(34,17): error TS2551: Property 'incidente' does not exist on type 'Barco'. Did you mean 'incidents'?
src/components/logistica/ResumeCourseModal.tsx(37,82): error TS2551: Property 'incidente' does not exist on type 'Barco'. Did you mean 'incidents'?
src/components/logistica/TruckView.tsx(12,55): error TS6133: 'barcos' is declared but its value is never read.
src/components/logistica/TruckView.tsx(12,63): error TS6133: 'onOpenSwap' is declared but its value is never read.
